; SLIME 2015-06-01
CL-USER> (hello-world)
 
; No value
CL-USER> 
; No value
CL-USER> 
; No value
CL-USER> (hello-world)
; in: HELLO-WORLD
;     (HELLO-WORLD)
; 
; caught STYLE-WARNING:
;   undefined function: HELLO-WORLD
; 
; compilation unit finished
;   Undefined function:
;     HELLO-WORLD
;   caught 1 STYLE-WARNING condition

; No value
CL-USER> (hello-world)
; Evaluation aborted on #<UNDEFINED-FUNCTION HELLO-WORLD {1004EFE803}>.
CL-USER> (load helloWorld.lisp)
; compiling (DEFUN HELLO-WORLD ...)

; No value
CL-USER> (hello-world)
Hello, World!
NIL
CL-USER> (list 1 2 3)
(1 2 3)
CL-USER> (list :a 1 :b 2 :c 3)
(:A 1 :B 2 :C 3)
CL-USER> 
; No value
CL-USER> (getf (list :a 1 :b 2 :c 3) :c)
3
CL-USER> (make-cd "Roses" "Kathy Mattea" 7 t)
(:TITLE "Roses" :ARTIST "Kathy Mattea" :RATING 7 :RIPPED T)

; in: DEFUN ADD-RECORD
;     (PUSH CD *DB*)
; --> LET* 
; ==>
;   (SETQ *DB* #:NEW0)
; 
; caught WARNING:
;   undefined variable: *DB*
; 
; compilation unit finished
;   Undefined variable:
;     *DB*
;   caught 1 WARNING condition
CL-USER> (add-record (make-cd "Fly" "Dixie Chicks" 8 t))
; Evaluation aborted on #<UNBOUND-VARIABLE *DB* {100332DEB3}>.
; Evaluation aborted on #<UNBOUND-VARIABLE *DB* {100332DEB3}>.
; Evaluation aborted on #<UNBOUND-VARIABLE *DB* {100332DEB3}>.
; Evaluation aborted on #<UNBOUND-VARIABLE *DB* {100332DEB3}>.
CL-USER> 
CL-USER> 
CL-USER> 
CL-USER> 